------------------------------------------------------------
TimeQuest Timing Analyzer Summary
------------------------------------------------------------

Type  : Slow 1200mV 85C Model Setup 'clock'
Slack : -0.517
TNS   : -0.517

Type  : Slow 1200mV 85C Model Setup 'clock2:c0|clk2'
Slack : 0.210
TNS   : 0.000

Type  : Slow 1200mV 85C Model Hold 'clock2:c0|clk2'
Slack : 0.445
TNS   : 0.000

Type  : Slow 1200mV 85C Model Hold 'clock'
Slack : 0.464
TNS   : 0.000

Type  : Slow 1200mV 85C Model Minimum Pulse Width 'clock'
Slack : -3.000
TNS   : -4.285

Type  : Slow 1200mV 85C Model Minimum Pulse Width 'clock2:c0|clk2'
Slack : -1.285
TNS   : -1.285

Type  : Slow 1200mV 0C Model Setup 'clock'
Slack : -0.384
TNS   : -0.384

Type  : Slow 1200mV 0C Model Setup 'clock2:c0|clk2'
Slack : 0.297
TNS   : 0.000

Type  : Slow 1200mV 0C Model Hold 'clock'
Slack : 0.382
TNS   : 0.000

Type  : Slow 1200mV 0C Model Hold 'clock2:c0|clk2'
Slack : 0.398
TNS   : 0.000

Type  : Slow 1200mV 0C Model Minimum Pulse Width 'clock'
Slack : -3.000
TNS   : -4.285

Type  : Slow 1200mV 0C Model Minimum Pulse Width 'clock2:c0|clk2'
Slack : -1.285
TNS   : -1.285

Type  : Fast 1200mV 0C Model Setup 'clock'
Slack : -0.022
TNS   : -0.022

Type  : Fast 1200mV 0C Model Setup 'clock2:c0|clk2'
Slack : 0.624
TNS   : 0.000

Type  : Fast 1200mV 0C Model Hold 'clock2:c0|clk2'
Slack : 0.206
TNS   : 0.000

Type  : Fast 1200mV 0C Model Hold 'clock'
Slack : 0.242
TNS   : 0.000

Type  : Fast 1200mV 0C Model Minimum Pulse Width 'clock'
Slack : -3.000
TNS   : -4.073

Type  : Fast 1200mV 0C Model Minimum Pulse Width 'clock2:c0|clk2'
Slack : -1.000
TNS   : -1.000

------------------------------------------------------------
